192.168.1.167 - - [10/Aug/2022:14:50:25 +0800] "GET /OMS/Manage/static/css/bootstrap.min.css HTTP/1.1" 304 -
192.168.1.167 - - [10/Aug/2022:14:50:25 +0800] "GET /OMS/Manage/static/css/icons.min.css HTTP/1.1" 304 -
192.168.1.167 - - [10/Aug/2022:14:50:25 +0800] "GET /OMS/Manage/static/css/ihealth.style.min.css HTTP/1.1" 304 -
192.168.1.167 - - [10/Aug/2022:14:50:25 +0800] "GET /OMS/Manage/static/css/app.min.css HTTP/1.1" 304 -
192.168.1.167 - - [10/Aug/2022:14:50:25 +0800] "GET /OMS/Manage/static/js/libscripts.bundle.js HTTP/1.1" 304 -
192.168.1.167 - - [10/Aug/2022:14:50:25 +0800] "GET /OMS/Manage/static/js/bootstrap.bundle.min.js HTTP/1.1" 304 -
192.168.1.167 - - [10/Aug/2022:14:50:25 +0800] "GET /OMS/Manage/static/js/simplebar.min.js HTTP/1.1" 304 -
192.168.1.167 - - [10/Aug/2022:14:50:25 +0800] "GET /OMS/Manage/static/js/metisMenu.min.js HTTP/1.1" 304 -
192.168.1.167 - - [10/Aug/2022:14:50:25 +0800] "GET /OMS/Manage/static/js/jquery.min.js HTTP/1.1" 304 -
192.168.1.167 - - [10/Aug/2022:14:50:25 +0800] "GET /OMS/Manage/static/js/waves.min.js HTTP/1.1" 304 -
192.168.1.167 - - [10/Aug/2022:14:50:25 +0800] "GET /OMS/Manage/static/js/bundle.js HTTP/1.1" 304 -
192.168.1.167 - - [10/Aug/2022:14:50:25 +0800] "GET /OMS/Manage/static/js/summernote-bs4.min.js HTTP/1.1" 404 758
192.168.1.167 - - [10/Aug/2022:14:50:25 +0800] "GET /OMS/Manage/static/js/app.js HTTP/1.1" 304 -
192.168.1.167 - - [10/Aug/2022:14:50:25 +0800] "GET /OMS/Manage/static/js/dataTables.bundle.js HTTP/1.1" 304 -
192.168.1.167 - - [10/Aug/2022:14:50:25 +0800] "GET /OMS/Manage/static/js/summernote.init.js HTTP/1.1" 404 755
192.168.1.167 - - [10/Aug/2022:14:50:25 +0800] "GET /OMS/Manage/static/js/template.js HTTP/1.1" 304 -
192.168.1.167 - - [10/Aug/2022:14:50:25 +0800] "GET /OMS/Manage/static/css/css.css HTTP/1.1" 404 745
192.168.1.167 - - [10/Aug/2022:14:50:26 +0800] "GET /OMS/Manage/static/css/css21.css HTTP/1.1" 304 -
192.168.1.167 - - [10/Aug/2022:14:50:26 +0800] "GET /OMS/Manage/static/css/css2.css HTTP/1.1" 304 -
192.168.1.167 - - [10/Aug/2022:14:50:26 +0800] "GET /OMS/Manage/static/css/css22.css HTTP/1.1" 304 -
192.168.1.167 - - [10/Aug/2022:14:50:26 +0800] "GET /OMS/Manage/static/css/font-awesome.min.css HTTP/1.1" 304 -
192.168.1.167 - - [10/Aug/2022:14:50:26 +0800] "GET /OMS/Manage/static/css/bootstrap-icons.css HTTP/1.1" 304 -
192.168.1.167 - - [10/Aug/2022:14:50:26 +0800] "GET /OMS/Manage/static/css/css23.css HTTP/1.1" 304 -
192.168.1.167 - - [10/Aug/2022:14:50:26 +0800] "GET /OMS/Manage/static/font/icofont.woff HTTP/1.1" 304 -
0:0:0:0:0:0:0:1 - - [10/Aug/2022:14:51:02 +0800] "GET /OMS/Manage/index.jsp HTTP/1.1" 200 14552
0:0:0:0:0:0:0:1 - - [10/Aug/2022:14:51:02 +0800] "GET /OMS/Manage/index.jsp HTTP/1.1" 200 14552
0:0:0:0:0:0:0:1 - - [10/Aug/2022:14:53:06 +0800] "GET /OMS/Manage/index.jsp HTTP/1.1" 200 14568
0:0:0:0:0:0:0:1 - - [10/Aug/2022:14:53:12 +0800] "GET /OMS/Manage/index.jsp HTTP/1.1" 200 14568
0:0:0:0:0:0:0:1 - - [10/Aug/2022:14:53:18 +0800] "GET /OMS/Manage/index.html HTTP/1.1" 200 13988
0:0:0:0:0:0:0:1 - - [10/Aug/2022:14:53:21 +0800] "GET /OMS/Manage/index.html HTTP/1.1" 304 -
0:0:0:0:0:0:0:1 - - [10/Aug/2022:14:54:58 +0800] "GET /OMS/Manage/index.jsp HTTP/1.1" 200 14552
0:0:0:0:0:0:0:1 - - [10/Aug/2022:14:55:09 +0800] "GET /OMS/Manage/index.jsp HTTP/1.1" 200 14552
192.168.1.167 - - [10/Aug/2022:14:56:19 +0800] "GET /OMS/Manage/Menu.jsp HTTP/1.1" 200 16671
192.168.1.167 - - [10/Aug/2022:14:56:19 +0800] "GET /OMS/Manage/static/js/summernote-bs4.min.js HTTP/1.1" 404 758
192.168.1.167 - - [10/Aug/2022:14:56:19 +0800] "GET /OMS/Manage/static/js/summernote.init.js HTTP/1.1" 404 755
192.168.1.167 - - [10/Aug/2022:14:56:19 +0800] "GET /OMS/Manage/static/css/css.css HTTP/1.1" 404 745
0:0:0:0:0:0:0:1 - - [10/Aug/2022:14:59:54 +0800] "GET /OMS/Manage/index.jsp HTTP/1.1" 200 14551
0:0:0:0:0:0:0:1 - - [10/Aug/2022:15:00:25 +0800] "GET /OMS/Manage/index.jsp HTTP/1.1" 200 14543
0:0:0:0:0:0:0:1 - - [10/Aug/2022:15:02:14 +0800] "GET /OMS/Manage/index.jsp HTTP/1.1" 200 14579
192.168.1.167 - - [10/Aug/2022:15:02:28 +0800] "GET /OMS/Manage/Menu.jsp HTTP/1.1" 200 16671
192.168.1.167 - - [10/Aug/2022:15:02:28 +0800] "GET /OMS/Manage/static/css/responsive.dataTables.min.css HTTP/1.1" 200 3929
192.168.1.167 - - [10/Aug/2022:15:02:28 +0800] "GET /OMS/Manage/static/css/dataTables.bootstrap5.min.css HTTP/1.1" 200 5381
192.168.1.167 - - [10/Aug/2022:15:02:28 +0800] "GET /OMS/Manage/static/css/summernote-bs4.css HTTP/1.1" 200 3063
192.168.1.167 - - [10/Aug/2022:15:02:28 +0800] "GET /OMS/Manage/static/css/bootstrap.min.css HTTP/1.1" 200 180241
192.168.1.167 - - [10/Aug/2022:15:02:28 +0800] "GET /OMS/Manage/static/css/icons.min.css HTTP/1.1" 200 293312
192.168.1.167 - - [10/Aug/2022:15:02:28 +0800] "GET /OMS/Manage/static/css/ihealth.style.min.css HTTP/1.1" 200 338001
192.168.1.167 - - [10/Aug/2022:15:02:28 +0800] "GET /OMS/Manage/static/css/app.min.css HTTP/1.1" 200 56487
192.168.1.167 - - [10/Aug/2022:15:02:28 +0800] "GET /OMS/Manage/static/js/jquery.min.js HTTP/1.1" 200 88145
192.168.1.167 - - [10/Aug/2022:15:02:28 +0800] "GET /OMS/Manage/static/js/libscripts.bundle.js HTTP/1.1" 200 183979
192.168.1.167 - - [10/Aug/2022:15:02:28 +0800] "GET /OMS/Manage/static/js/bootstrap.bundle.min.js HTTP/1.1" 200 80698
192.168.1.167 - - [10/Aug/2022:15:02:28 +0800] "GET /OMS/Manage/static/js/metisMenu.min.js HTTP/1.1" 200 4770
192.168.1.167 - - [10/Aug/2022:15:02:28 +0800] "GET /OMS/Manage/static/js/simplebar.min.js HTTP/1.1" 200 58015
192.168.1.167 - - [10/Aug/2022:15:02:28 +0800] "GET /OMS/Manage/static/js/waves.min.js HTTP/1.1" 200 6329
192.168.1.167 - - [10/Aug/2022:15:02:28 +0800] "GET /OMS/Manage/static/js/bundle.js HTTP/1.1" 200 9125
192.168.1.167 - - [10/Aug/2022:15:02:28 +0800] "GET /OMS/Manage/static/js/summernote-bs4.min.js HTTP/1.1" 404 758
192.168.1.167 - - [10/Aug/2022:15:02:28 +0800] "GET /OMS/Manage/static/js/summernote.init.js HTTP/1.1" 404 755
192.168.1.167 - - [10/Aug/2022:15:02:28 +0800] "GET /OMS/Manage/static/js/template.js HTTP/1.1" 200 6697
192.168.1.167 - - [10/Aug/2022:15:02:28 +0800] "GET /OMS/Manage/static/js/app.js HTTP/1.1" 200 1848
192.168.1.167 - - [10/Aug/2022:15:02:28 +0800] "GET /OMS/Manage/static/js/dataTables.bundle.js HTTP/1.1" 200 101743
192.168.1.167 - - [10/Aug/2022:15:02:28 +0800] "GET /OMS/Manage/static/css/css2.css HTTP/1.1" 200 9972
192.168.1.167 - - [10/Aug/2022:15:02:28 +0800] "GET /OMS/Manage/static/css/css21.css HTTP/1.1" 200 2943
192.168.1.167 - - [10/Aug/2022:15:02:28 +0800] "GET /OMS/Manage/static/css/css22.css HTTP/1.1" 200 4657
192.168.1.167 - - [10/Aug/2022:15:02:28 +0800] "GET /OMS/Manage/static/css/font-awesome.min.css HTTP/1.1" 200 31330
192.168.1.167 - - [10/Aug/2022:15:02:28 +0800] "GET /OMS/Manage/static/css/css23.css HTTP/1.1" 200 2904
192.168.1.167 - - [10/Aug/2022:15:02:28 +0800] "GET /OMS/Manage/static/css/bootstrap-icons.css HTTP/1.1" 200 60793
192.168.1.167 - - [10/Aug/2022:15:02:28 +0800] "GET /OMS/Manage/static/css/css.css HTTP/1.1" 404 745
192.168.1.167 - - [10/Aug/2022:15:02:28 +0800] "GET /OMS/Manage/static/css/app.min.css.map HTTP/1.1" 404 753
192.168.1.167 - - [10/Aug/2022:15:02:28 +0800] "GET /OMS/Manage/static/css/bootstrap.min.css.map HTTP/1.1" 404 759
192.168.1.167 - - [10/Aug/2022:15:02:28 +0800] "GET /OMS/Manage/static/css/icons.min.css.map HTTP/1.1" 404 755
192.168.1.167 - - [10/Aug/2022:15:02:28 +0800] "GET /OMS/Manage/static/js/bootstrap.bundle.min.js.map HTTP/1.1" 404 764
192.168.1.167 - - [10/Aug/2022:15:02:28 +0800] "GET /OMS/Manage/static/js/metisMenu.min.js.map HTTP/1.1" 404 757
192.168.1.167 - - [10/Aug/2022:15:02:28 +0800] "GET /OMS/Manage/static/js/waves.min.js.map HTTP/1.1" 404 753
192.168.1.167 - - [10/Aug/2022:15:02:28 +0800] "GET /OMS/Manage/static/js/bundle.js.map HTTP/1.1" 404 750
192.168.1.167 - - [10/Aug/2022:15:02:28 +0800] "GET /OMS/Manage/static/font/icofont.woff HTTP/1.1" 200 645604
192.168.1.167 - - [10/Aug/2022:15:02:34 +0800] "GET /OMS/Manage/Menu.jsp HTTP/1.1" 200 8206
0:0:0:0:0:0:0:1 - - [10/Aug/2022:15:02:35 +0800] "GET /OMS/Manage/index.jsp HTTP/1.1" 200 14579
192.168.1.167 - - [10/Aug/2022:15:02:44 +0800] "GET /OMS/Manage/Menu.jsp HTTP/1.1" 200 16671
192.168.1.167 - - [10/Aug/2022:15:02:44 +0800] "GET /OMS/Manage/static/js/summernote-bs4.min.js HTTP/1.1" 404 758
192.168.1.167 - - [10/Aug/2022:15:02:44 +0800] "GET /OMS/Manage/static/js/summernote.init.js HTTP/1.1" 404 755
192.168.1.167 - - [10/Aug/2022:15:02:44 +0800] "GET /OMS/Manage/static/css/css.css HTTP/1.1" 404 745
192.168.1.167 - - [10/Aug/2022:15:02:55 +0800] "GET /OMS/Manage/Menu.jsp HTTP/1.1" 200 8206
192.168.1.167 - - [10/Aug/2022:15:02:58 +0800] "GET /OMS/Manage/Menu.jsp HTTP/1.1" 200 16671
192.168.1.167 - - [10/Aug/2022:15:02:58 +0800] "GET /OMS/Manage/static/js/summernote.init.js HTTP/1.1" 404 755
192.168.1.167 - - [10/Aug/2022:15:02:58 +0800] "GET /OMS/Manage/static/js/summernote-bs4.min.js HTTP/1.1" 404 758
192.168.1.167 - - [10/Aug/2022:15:02:58 +0800] "GET /OMS/Manage/static/css/css.css HTTP/1.1" 404 745
0:0:0:0:0:0:0:1 - - [10/Aug/2022:15:03:56 +0800] "GET /OMS/Manage/index.jsp HTTP/1.1" 200 14606
192.168.1.167 - - [10/Aug/2022:15:03:58 +0800] "GET /OMS/Manage/Authorization1.jsp HTTP/1.1" 200 4219
192.168.1.167 - - [10/Aug/2022:15:03:58 +0800] "GET /OMS/Manage/static/js/summernote-bs4.min.js HTTP/1.1" 404 758
192.168.1.167 - - [10/Aug/2022:15:03:58 +0800] "GET /OMS/Manage/static/js/summernote.init.js HTTP/1.1" 404 755
192.168.1.167 - - [10/Aug/2022:15:03:58 +0800] "GET /OMS/Manage/static/css/css.css HTTP/1.1" 404 745
192.168.1.167 - - [10/Aug/2022:15:04:05 +0800] "POST /OMS/authorization?OP=find HTTP/1.1" 200 4163
192.168.1.167 - - [10/Aug/2022:15:04:05 +0800] "GET /OMS/static/css/dataTables.bootstrap5.min.css HTTP/1.1" 404 756
192.168.1.167 - - [10/Aug/2022:15:04:05 +0800] "GET /OMS/static/css/ihealth.style.min.css HTTP/1.1" 404 748
192.168.1.167 - - [10/Aug/2022:15:04:05 +0800] "GET /OMS/static/css/responsive.dataTables.min.css HTTP/1.1" 404 756
192.168.1.167 - - [10/Aug/2022:15:04:05 +0800] "GET /OMS/static/js/libscripts.bundle.js HTTP/1.1" 404 746
192.168.1.167 - - [10/Aug/2022:15:04:05 +0800] "GET /OMS/static/css/bootstrap.min.css HTTP/1.1" 404 744
192.168.1.167 - - [10/Aug/2022:15:04:05 +0800] "GET /OMS/static/css/app.min.css HTTP/1.1" 404 738
192.168.1.167 - - [10/Aug/2022:15:04:05 +0800] "GET /OMS/static/css/summernote-bs4.css HTTP/1.1" 404 745
192.168.1.167 - - [10/Aug/2022:15:04:05 +0800] "GET /OMS/static/js/jquery.min.js HTTP/1.1" 404 739
192.168.1.167 - - [10/Aug/2022:15:04:05 +0800] "GET /OMS/static/css/icons.min.css HTTP/1.1" 404 740
192.168.1.167 - - [10/Aug/2022:15:04:05 +0800] "GET /OMS/static/js/metisMenu.min.js HTTP/1.1" 404 742
192.168.1.167 - - [10/Aug/2022:15:04:05 +0800] "GET /OMS/static/js/bootstrap.bundle.min.js HTTP/1.1" 404 749
192.168.1.167 - - [10/Aug/2022:15:04:05 +0800] "GET /OMS/static/js/simplebar.min.js HTTP/1.1" 404 742
192.168.1.167 - - [10/Aug/2022:15:04:05 +0800] "GET /OMS/static/js/bundle.js HTTP/1.1" 404 735
192.168.1.167 - - [10/Aug/2022:15:04:05 +0800] "GET /OMS/static/js/waves.min.js HTTP/1.1" 404 738
192.168.1.167 - - [10/Aug/2022:15:04:05 +0800] "GET /OMS/static/js/summernote-bs4.min.js HTTP/1.1" 404 747
192.168.1.167 - - [10/Aug/2022:15:04:05 +0800] "GET /OMS/static/js/summernote.init.js HTTP/1.1" 404 744
192.168.1.167 - - [10/Aug/2022:15:04:05 +0800] "GET /OMS/static/js/app.js HTTP/1.1" 404 732
192.168.1.167 - - [10/Aug/2022:15:04:05 +0800] "GET /OMS/static/js/dataTables.bundle.js HTTP/1.1" 404 746
192.168.1.167 - - [10/Aug/2022:15:04:05 +0800] "GET /OMS/static/js/template.js HTTP/1.1" 404 737
0:0:0:0:0:0:0:1 - - [10/Aug/2022:15:04:12 +0800] "GET /OMS/Manage/index.jsp HTTP/1.1" 200 14606
192.168.1.167 - - [10/Aug/2022:15:04:18 +0800] "GET /OMS/Manage/Authorization1.jsp HTTP/1.1" 200 4219
192.168.1.167 - - [10/Aug/2022:15:04:18 +0800] "GET /OMS/Manage/static/js/summernote-bs4.min.js HTTP/1.1" 404 758
192.168.1.167 - - [10/Aug/2022:15:04:18 +0800] "GET /OMS/Manage/static/js/summernote.init.js HTTP/1.1" 404 755
192.168.1.167 - - [10/Aug/2022:15:04:18 +0800] "GET /OMS/Manage/static/css/css.css HTTP/1.1" 404 745
0:0:0:0:0:0:0:1 - - [10/Aug/2022:15:04:18 +0800] "GET /OMS/Manage/index.jsp HTTP/1.1" 200 14606
0:0:0:0:0:0:0:1 - - [10/Aug/2022:15:04:26 +0800] "GET /OMS/Manage/index.jsp HTTP/1.1" 200 14606
0:0:0:0:0:0:0:1 - - [10/Aug/2022:15:04:47 +0800] "GET /OMS/Manage/index.jsp HTTP/1.1" 200 14606
0:0:0:0:0:0:0:1 - - [10/Aug/2022:15:04:48 +0800] "GET /OMS/Manage/index.jsp HTTP/1.1" 200 14606
0:0:0:0:0:0:0:1 - - [10/Aug/2022:15:04:49 +0800] "GET /OMS/Manage/index.jsp HTTP/1.1" 200 14606
0:0:0:0:0:0:0:1 - - [10/Aug/2022:15:04:49 +0800] "GET /OMS/Manage/index.jsp HTTP/1.1" 200 14606
0:0:0:0:0:0:0:1 - - [10/Aug/2022:15:04:50 +0800] "GET /OMS/Manage/index.jsp HTTP/1.1" 200 14606
0:0:0:0:0:0:0:1 - - [10/Aug/2022:15:04:50 +0800] "GET /OMS/Manage/index.jsp HTTP/1.1" 200 14606
0:0:0:0:0:0:0:1 - - [10/Aug/2022:15:04:51 +0800] "GET /OMS/Manage/index.jsp HTTP/1.1" 200 14606
0:0:0:0:0:0:0:1 - - [10/Aug/2022:15:04:51 +0800] "GET /OMS/Manage/index.jsp HTTP/1.1" 200 14606
0:0:0:0:0:0:0:1 - - [10/Aug/2022:15:04:51 +0800] "GET /OMS/Manage/index.jsp HTTP/1.1" 200 14606
0:0:0:0:0:0:0:1 - - [10/Aug/2022:15:04:52 +0800] "GET /OMS/Manage/index.jsp HTTP/1.1" 200 14606
0:0:0:0:0:0:0:1 - - [10/Aug/2022:15:04:55 +0800] "GET /OMS/Manage/index.jsp HTTP/1.1" 200 14606
0:0:0:0:0:0:0:1 - - [10/Aug/2022:15:04:56 +0800] "GET /OMS/Manage/index.jsp HTTP/1.1" 200 14606
0:0:0:0:0:0:0:1 - - [10/Aug/2022:15:04:56 +0800] "GET /OMS/Manage/index.jsp HTTP/1.1" 200 14606
0:0:0:0:0:0:0:1 - - [10/Aug/2022:15:04:57 +0800] "GET /OMS/Manage/index.jsp HTTP/1.1" 200 14606
0:0:0:0:0:0:0:1 - - [10/Aug/2022:15:04:57 +0800] "GET /OMS/Manage/index.jsp HTTP/1.1" 200 14606
0:0:0:0:0:0:0:1 - - [10/Aug/2022:15:05:16 +0800] "GET /OMS/Manage/index.jsp HTTP/1.1" 200 14606
192.168.1.167 - - [10/Aug/2022:15:05:20 +0800] "GET /OMS/Manage/Menu.jsp HTTP/1.1" 200 16671
192.168.1.167 - - [10/Aug/2022:15:05:20 +0800] "GET /OMS/Manage/static/js/summernote-bs4.min.js HTTP/1.1" 404 758
192.168.1.167 - - [10/Aug/2022:15:05:20 +0800] "GET /OMS/Manage/static/js/summernote.init.js HTTP/1.1" 404 755
192.168.1.167 - - [10/Aug/2022:15:05:20 +0800] "GET /OMS/Manage/static/css/css.css HTTP/1.1" 404 745
192.168.1.167 - - [10/Aug/2022:15:05:22 +0800] "GET /OMS/Manage/Authorization1.jsp HTTP/1.1" 200 4219
192.168.1.167 - - [10/Aug/2022:15:05:22 +0800] "GET /OMS/Manage/static/js/summernote-bs4.min.js HTTP/1.1" 404 758
192.168.1.167 - - [10/Aug/2022:15:05:22 +0800] "GET /OMS/Manage/static/js/summernote.init.js HTTP/1.1" 404 755
192.168.1.167 - - [10/Aug/2022:15:05:22 +0800] "GET /OMS/Manage/static/css/css.css HTTP/1.1" 404 745
192.168.1.167 - - [10/Aug/2022:15:05:23 +0800] "GET /OMS/Manage/Menu.jsp HTTP/1.1" 200 16671
192.168.1.167 - - [10/Aug/2022:15:05:23 +0800] "GET /OMS/Manage/static/js/summernote-bs4.min.js HTTP/1.1" 404 758
192.168.1.167 - - [10/Aug/2022:15:05:23 +0800] "GET /OMS/Manage/static/js/summernote.init.js HTTP/1.1" 404 755
192.168.1.167 - - [10/Aug/2022:15:05:23 +0800] "GET /OMS/Manage/static/css/css.css HTTP/1.1" 404 745
0:0:0:0:0:0:0:1 - - [10/Aug/2022:15:07:50 +0800] "GET /OMS/Manage/index.jsp HTTP/1.1" 200 14606
0:0:0:0:0:0:0:1 - - [10/Aug/2022:15:07:55 +0800] "GET /OMS/Manage/index.jsp HTTP/1.1" 200 14606
0:0:0:0:0:0:0:1 - - [10/Aug/2022:15:07:57 +0800] "GET /OMS/Manage/index.jsp HTTP/1.1" 200 14606
0:0:0:0:0:0:0:1 - - [10/Aug/2022:15:08:33 +0800] "GET /OMS/Manage/index.jsp HTTP/1.1" 200 14606
0:0:0:0:0:0:0:1 - - [10/Aug/2022:15:08:42 +0800] "GET /OMS/Manage/index.jsp HTTP/1.1" 200 14606
127.0.0.1 - - [10/Aug/2022:15:30:59 +0800] "GET / HTTP/1.1" 404 700
0:0:0:0:0:0:0:1 - - [10/Aug/2022:15:31:00 +0800] "GET /OMS/ HTTP/1.1" 404 708
0:0:0:0:0:0:0:1 - - [10/Aug/2022:15:31:55 +0800] "GET /OMS/login?registrationId=1&patientId=2 HTTP/1.1" 200 5057
0:0:0:0:0:0:0:1 - - [10/Aug/2022:15:31:55 +0800] "GET /OMS/login?registrationId=1&patientId=2 HTTP/1.1" 200 5057
0:0:0:0:0:0:0:1 - - [10/Aug/2022:15:31:55 +0800] "GET /OMS/Chat/js/jquery-1.4.3.js HTTP/1.1" 304 -
192.168.1.167 - - [10/Aug/2022:15:31:55 +0800] "GET /OMS/chatroom?NAME=%E8%9F%B9%E8%80%81%E6%9D%BF HTTP/1.1" 101 -
0:0:0:0:0:0:0:1 - - [10/Aug/2022:15:32:33 +0800] "GET /OMS/login?registrationId=1&doctorId=11 HTTP/1.1" 200 5057
192.168.1.167 - - [10/Aug/2022:15:32:33 +0800] "GET /OMS/chatroom?NAME=%E9%BB%84%E5%8C%BB%E7%94%9F HTTP/1.1" 101 -
0:0:0:0:0:0:0:1 - - [10/Aug/2022:15:42:40 +0800] "GET /OMS/ HTTP/1.1" 404 708
0:0:0:0:0:0:0:1 - - [10/Aug/2022:15:44:40 +0800] "GET /OMS/login?registrationId=1&doctorId=11 HTTP/1.1" 200 5066
192.168.1.167 - - [10/Aug/2022:15:44:40 +0800] "GET /OMS/chatroom?NAME=%E9%BB%84%E5%8C%BB%E7%94%9F HTTP/1.1" 101 -
0:0:0:0:0:0:0:1 - - [10/Aug/2022:15:44:43 +0800] "GET /OMS/login?registrationId=1&patientId=2 HTTP/1.1" 200 5066
192.168.1.167 - - [10/Aug/2022:15:44:43 +0800] "GET /OMS/chatroom?NAME=%E8%9F%B9%E8%80%81%E6%9D%BF HTTP/1.1" 101 -
127.0.0.1 - - [10/Aug/2022:16:22:35 +0800] "GET / HTTP/1.1" 404 700
0:0:0:0:0:0:0:1 - - [10/Aug/2022:16:22:39 +0800] "GET /OMS/Doctor/Patient.jsp HTTP/1.1" 200 5237
0:0:0:0:0:0:0:1 - - [10/Aug/2022:16:22:39 +0800] "GET /OMS/Doctor/static/css/ihealth.style.min.css HTTP/1.1" 304 -
0:0:0:0:0:0:0:1 - - [10/Aug/2022:16:22:39 +0800] "GET /OMS/Doctor/static/css/responsive.dataTables.min.css HTTP/1.1" 304 -
0:0:0:0:0:0:0:1 - - [10/Aug/2022:16:22:39 +0800] "GET /OMS/Doctor/static/js/dataTables.bundle.js HTTP/1.1" 304 -
0:0:0:0:0:0:0:1 - - [10/Aug/2022:16:22:39 +0800] "GET /OMS/Doctor/static/js/libscripts.bundle.js HTTP/1.1" 304 -
0:0:0:0:0:0:0:1 - - [10/Aug/2022:16:22:39 +0800] "GET /OMS/Doctor/static/css/dataTables.bootstrap5.min.css HTTP/1.1" 304 -
0:0:0:0:0:0:0:1 - - [10/Aug/2022:16:22:39 +0800] "GET /OMS/Doctor/static/js/template.js HTTP/1.1" 304 -
0:0:0:0:0:0:0:1 - - [10/Aug/2022:16:22:39 +0800] "GET /OMS/Doctor/static/picture/avatar3.jpg HTTP/1.1" 200 4673
0:0:0:0:0:0:0:1 - - [10/Aug/2022:16:22:39 +0800] "GET /OMS/Doctor/static/css/css2.css HTTP/1.1" 304 -
0:0:0:0:0:0:0:1 - - [10/Aug/2022:16:22:39 +0800] "GET /OMS/Doctor/static/css/css21.css HTTP/1.1" 304 -
0:0:0:0:0:0:0:1 - - [10/Aug/2022:16:22:39 +0800] "GET /OMS/Doctor/static/css/css22.css HTTP/1.1" 304 -
0:0:0:0:0:0:0:1 - - [10/Aug/2022:16:22:39 +0800] "GET /OMS/Doctor/static/css/css23.css HTTP/1.1" 304 -
0:0:0:0:0:0:0:1 - - [10/Aug/2022:16:22:39 +0800] "GET /OMS/Doctor/static/css/font-awesome.min.css HTTP/1.1" 304 -
0:0:0:0:0:0:0:1 - - [10/Aug/2022:16:22:39 +0800] "GET /OMS/Doctor/static/css/bootstrap-icons.css HTTP/1.1" 304 -
0:0:0:0:0:0:0:1 - - [10/Aug/2022:16:22:57 +0800] "GET /OMS/Doctor/NewRecipe.jsp HTTP/1.1" 200 709
0:0:0:0:0:0:0:1 - - [10/Aug/2022:16:23:17 +0800] "GET /OMS/Doctor/Recipe.jsp HTTP/1.1" 200 11481
192.168.1.167 - - [10/Aug/2022:16:23:17 +0800] "GET /OMS/Doctor/static/css/summernote-bs4.css HTTP/1.1" 200 3063
192.168.1.167 - - [10/Aug/2022:16:23:17 +0800] "GET /OMS/Doctor/static/css/responsive.dataTables.min.css HTTP/1.1" 200 3929
192.168.1.167 - - [10/Aug/2022:16:23:17 +0800] "GET /OMS/Doctor/static/css/app.min.css HTTP/1.1" 200 56487
192.168.1.167 - - [10/Aug/2022:16:23:17 +0800] "GET /OMS/Doctor/static/css/dataTables.bootstrap5.min.css HTTP/1.1" 200 5381
192.168.1.167 - - [10/Aug/2022:16:23:17 +0800] "GET /OMS/Doctor/static/css/ihealth.style.min.css HTTP/1.1" 200 338001
192.168.1.167 - - [10/Aug/2022:16:23:17 +0800] "GET /OMS/Doctor/static/js/metisMenu.min.js HTTP/1.1" 200 4770
192.168.1.167 - - [10/Aug/2022:16:23:17 +0800] "GET /OMS/Doctor/static/js/bootstrap.bundle.min.js HTTP/1.1" 200 80698
192.168.1.167 - - [10/Aug/2022:16:23:17 +0800] "GET /OMS/Doctor/static/css/bootstrap.min.css HTTP/1.1" 200 180241
192.168.1.167 - - [10/Aug/2022:16:23:17 +0800] "GET /OMS/Doctor/static/css/icons.min.css HTTP/1.1" 200 293312
192.168.1.167 - - [10/Aug/2022:16:23:17 +0800] "GET /OMS/Doctor/static/js/jquery.min.js HTTP/1.1" 200 88145
192.168.1.167 - - [10/Aug/2022:16:23:17 +0800] "GET /OMS/Doctor/static/js/bundle.js HTTP/1.1" 200 9125
192.168.1.167 - - [10/Aug/2022:16:23:17 +0800] "GET /OMS/Doctor/static/js/app.js HTTP/1.1" 200 1848
192.168.1.167 - - [10/Aug/2022:16:23:17 +0800] "GET /OMS/Doctor/static/js/simplebar.min.js HTTP/1.1" 200 58015
192.168.1.167 - - [10/Aug/2022:16:23:17 +0800] "GET /OMS/Doctor/static/js/waves.min.js HTTP/1.1" 200 6329
192.168.1.167 - - [10/Aug/2022:16:23:17 +0800] "GET /OMS/Doctor/static/js/template.js HTTP/1.1" 200 6697
192.168.1.167 - - [10/Aug/2022:16:23:17 +0800] "GET /OMS/Doctor/static/js/summernote.init.js HTTP/1.1" 404 755
192.168.1.167 - - [10/Aug/2022:16:23:17 +0800] "GET /OMS/Doctor/static/js/summernote-bs4.min.js HTTP/1.1" 404 758
192.168.1.167 - - [10/Aug/2022:16:23:17 +0800] "GET /OMS/Doctor/static/js/dataTables.bundle.js HTTP/1.1" 200 101743
192.168.1.167 - - [10/Aug/2022:16:23:17 +0800] "GET /OMS/Doctor/static/js/libscripts.bundle.js HTTP/1.1" 200 183979
192.168.1.167 - - [10/Aug/2022:16:23:17 +0800] "GET /OMS/Doctor/static/css/css2.css HTTP/1.1" 200 9972
192.168.1.167 - - [10/Aug/2022:16:23:17 +0800] "GET /OMS/Doctor/static/css/css22.css HTTP/1.1" 200 4657
192.168.1.167 - - [10/Aug/2022:16:23:17 +0800] "GET /OMS/Doctor/static/css/css21.css HTTP/1.1" 200 2943
192.168.1.167 - - [10/Aug/2022:16:23:17 +0800] "GET /OMS/Doctor/static/css/css23.css HTTP/1.1" 200 2904
192.168.1.167 - - [10/Aug/2022:16:23:17 +0800] "GET /OMS/Doctor/static/css/font-awesome.min.css HTTP/1.1" 200 31330
192.168.1.167 - - [10/Aug/2022:16:23:17 +0800] "GET /OMS/Doctor/static/css/bootstrap-icons.css HTTP/1.1" 200 60793
192.168.1.167 - - [10/Aug/2022:16:23:17 +0800] "GET /OMS/Doctor/static/css/css.css HTTP/1.1" 404 745
192.168.1.167 - - [10/Aug/2022:16:23:18 +0800] "GET /OMS/Doctor/static/font/icofont.woff HTTP/1.1" 200 645604
0:0:0:0:0:0:0:1 - - [10/Aug/2022:16:23:30 +0800] "GET /OMS/Doctor/addRecord.jsp HTTP/1.1" 500 2641
0:0:0:0:0:0:0:1 - - [10/Aug/2022:16:28:00 +0800] "GET /OMS/ HTTP/1.1" 404 708
0:0:0:0:0:0:0:1 - - [10/Aug/2022:16:28:33 +0800] "GET /OMS/login?registrationId=1&patientId=2 HTTP/1.1" 500 3092
0:0:0:0:0:0:0:1 - - [10/Aug/2022:16:28:33 +0800] "GET /OMS/login?registrationId=1&doctorId=11 HTTP/1.1" 500 3606
0:0:0:0:0:0:0:1 - - [10/Aug/2022:16:50:56 +0800] "GET /OMS/ HTTP/1.1" 404 708
0:0:0:0:0:0:0:1 - - [10/Aug/2022:16:51:30 +0800] "GET /OMS/login?registrationId=1&patientId=2 HTTP/1.1" 500 2922
0:0:0:0:0:0:0:1 - - [10/Aug/2022:16:51:31 +0800] "GET /OMS/login?registrationId=1&doctorId=11 HTTP/1.1" 500 3606
0:0:0:0:0:0:0:1 - - [10/Aug/2022:16:54:54 +0800] "GET /OMS/login?registrationId=1&patientId=2 HTTP/1.1" 200 5183
0:0:0:0:0:0:0:1 - - [10/Aug/2022:16:54:54 +0800] "GET /OMS/Chat/js/jquery-1.4.3.js HTTP/1.1" 304 -
192.168.1.167 - - [10/Aug/2022:16:54:54 +0800] "GET /OMS/chatroom?NAME=%E8%9F%B9%E8%80%81%E6%9D%BF HTTP/1.1" 101 -
0:0:0:0:0:0:0:1 - - [10/Aug/2022:16:55:01 +0800] "GET /OMS/login?registrationId=1&doctorId=11 HTTP/1.1" 200 5183
192.168.1.167 - - [10/Aug/2022:16:55:01 +0800] "GET /OMS/chatroom?NAME=%E9%BB%84%E5%8C%BB%E7%94%9F HTTP/1.1" 101 -
0:0:0:0:0:0:0:1 - - [10/Aug/2022:16:57:02 +0800] "GET /OMS/login?registrationId=1&doctorId=11 HTTP/1.1" 200 5181
192.168.1.167 - - [10/Aug/2022:16:57:02 +0800] "GET /OMS/chatroom?NAME=%E9%BB%84%E5%8C%BB%E7%94%9F HTTP/1.1" 101 -
0:0:0:0:0:0:0:1 - - [10/Aug/2022:16:57:04 +0800] "GET /OMS/login?registrationId=1&patientId=2 HTTP/1.1" 200 5181
192.168.1.167 - - [10/Aug/2022:16:57:04 +0800] "GET /OMS/chatroom?NAME=%E8%9F%B9%E8%80%81%E6%9D%BF HTTP/1.1" 101 -
0:0:0:0:0:0:0:1 - - [10/Aug/2022:17:06:49 +0800] "GET /OMS/login?registrationId=1&doctorId=11 HTTP/1.1" 200 5415
192.168.1.167 - - [10/Aug/2022:17:06:49 +0800] "GET /OMS/chatroom?NAME=%E9%BB%84%E5%8C%BB%E7%94%9F HTTP/1.1" 101 -
0:0:0:0:0:0:0:1 - - [10/Aug/2022:17:06:51 +0800] "GET /OMS/login?registrationId=1&patientId=2 HTTP/1.1" 200 5415
192.168.1.167 - - [10/Aug/2022:17:06:51 +0800] "GET /OMS/chatroom?NAME=%E8%9F%B9%E8%80%81%E6%9D%BF HTTP/1.1" 101 -
0:0:0:0:0:0:0:1 - - [10/Aug/2022:17:14:59 +0800] "GET /OMS/login?registrationId=1&patientId=2 HTTP/1.1" 200 5439
192.168.1.167 - - [10/Aug/2022:17:14:59 +0800] "GET /OMS/chatroom?NAME=%E8%9F%B9%E8%80%81%E6%9D%BF HTTP/1.1" 101 -
0:0:0:0:0:0:0:1 - - [10/Aug/2022:17:15:00 +0800] "GET /OMS/login?registrationId=1&doctorId=11 HTTP/1.1" 200 5439
192.168.1.167 - - [10/Aug/2022:17:15:00 +0800] "GET /OMS/chatroom?NAME=%E9%BB%84%E5%8C%BB%E7%94%9F HTTP/1.1" 101 -
0:0:0:0:0:0:0:1 - - [10/Aug/2022:17:17:38 +0800] "GET /OMS/login?registrationId=1&patientId=2 HTTP/1.1" 200 5393
192.168.1.167 - - [10/Aug/2022:17:17:38 +0800] "GET /OMS/chatroom?NAME=%E8%9F%B9%E8%80%81%E6%9D%BF HTTP/1.1" 101 -
0:0:0:0:0:0:0:1 - - [10/Aug/2022:17:17:42 +0800] "GET /OMS/login?registrationId=1&doctorId=11 HTTP/1.1" 200 5393
192.168.1.167 - - [10/Aug/2022:17:17:42 +0800] "GET /OMS/chatroom?NAME=%E9%BB%84%E5%8C%BB%E7%94%9F HTTP/1.1" 101 -
0:0:0:0:0:0:0:1 - - [10/Aug/2022:17:20:26 +0800] "GET /OMS/login?registrationId=1&doctorId=11 HTTP/1.1" 200 5393
192.168.1.167 - - [10/Aug/2022:17:20:26 +0800] "GET /OMS/chatroom?NAME=%E9%BB%84%E5%8C%BB%E7%94%9F HTTP/1.1" 101 -
0:0:0:0:0:0:0:1 - - [10/Aug/2022:17:20:32 +0800] "GET /OMS/login?registrationId=1&patientId=2 HTTP/1.1" 200 5393
192.168.1.167 - - [10/Aug/2022:17:20:32 +0800] "GET /OMS/chatroom?NAME=%E8%9F%B9%E8%80%81%E6%9D%BF HTTP/1.1" 101 -
0:0:0:0:0:0:0:1 - - [10/Aug/2022:17:32:48 +0800] "GET /OMS/login?registrationId=1&patientId=2 HTTP/1.1" 200 5389
192.168.1.167 - - [10/Aug/2022:17:32:48 +0800] "GET /OMS/chatroom?NAME=%E8%9F%B9%E8%80%81%E6%9D%BF HTTP/1.1" 101 -
0:0:0:0:0:0:0:1 - - [10/Aug/2022:17:32:50 +0800] "GET /OMS/login?registrationId=1&doctorId=11 HTTP/1.1" 200 5389
192.168.1.167 - - [10/Aug/2022:17:32:50 +0800] "GET /OMS/chatroom?NAME=%E9%BB%84%E5%8C%BB%E7%94%9F HTTP/1.1" 101 -
0:0:0:0:0:0:0:1 - - [10/Aug/2022:17:45:14 +0800] "GET /OMS/login?registrationId=1&doctorId=11 HTTP/1.1" 200 5485
0:0:0:0:0:0:0:1 - - [10/Aug/2022:17:45:14 +0800] "GET /OMS/Chat/js/jquery-1.4.3.js HTTP/1.1" 304 -
192.168.1.167 - - [10/Aug/2022:17:45:14 +0800] "GET /OMS/chatroom?NAME=%E9%BB%84%E5%8C%BB%E7%94%9F HTTP/1.1" 101 -
0:0:0:0:0:0:0:1 - - [10/Aug/2022:17:47:08 +0800] "GET /OMS/login?registrationId=1&doctorId=11 HTTP/1.1" 200 5405
192.168.1.167 - - [10/Aug/2022:17:47:08 +0800] "GET /OMS/chatroom?NAME=%E9%BB%84%E5%8C%BB%E7%94%9F HTTP/1.1" 101 -
0:0:0:0:0:0:0:1 - - [10/Aug/2022:17:48:40 +0800] "GET /OMS/login?registrationId=1&doctorId=11 HTTP/1.1" 200 5406
192.168.1.167 - - [10/Aug/2022:17:48:40 +0800] "GET /OMS/chatroom?NAME=%E9%BB%84%E5%8C%BB%E7%94%9F HTTP/1.1" 101 -
0:0:0:0:0:0:0:1 - - [10/Aug/2022:17:51:00 +0800] "GET /OMS/login?registrationId=1&doctorId=11 HTTP/1.1" 200 5408
192.168.1.167 - - [10/Aug/2022:17:51:00 +0800] "GET /OMS/chatroom?NAME=%E9%BB%84%E5%8C%BB%E7%94%9F HTTP/1.1" 101 -
0:0:0:0:0:0:0:1 - - [10/Aug/2022:17:56:37 +0800] "GET /OMS/login?registrationId=1&doctorId=11 HTTP/1.1" 200 5455
192.168.1.167 - - [10/Aug/2022:17:56:37 +0800] "GET /OMS/chatroom?NAME=%E9%BB%84%E5%8C%BB%E7%94%9F HTTP/1.1" 101 -
0:0:0:0:0:0:0:1 - - [10/Aug/2022:17:57:51 +0800] "GET /OMS/login?registrationId=1&doctorId=11 HTTP/1.1" 200 5482
192.168.1.167 - - [10/Aug/2022:17:57:51 +0800] "GET /OMS/chatroom?NAME=%E9%BB%84%E5%8C%BB%E7%94%9F HTTP/1.1" 101 -
0:0:0:0:0:0:0:1 - - [10/Aug/2022:17:58:39 +0800] "GET /OMS/login?registrationId=1&doctorId=11 HTTP/1.1" 200 5490
192.168.1.167 - - [10/Aug/2022:17:58:39 +0800] "GET /OMS/chatroom?NAME=%E9%BB%84%E5%8C%BB%E7%94%9F HTTP/1.1" 101 -
0:0:0:0:0:0:0:1 - - [10/Aug/2022:18:00:42 +0800] "GET /OMS/login?registrationId=1&doctorId=11 HTTP/1.1" 200 5459
192.168.1.167 - - [10/Aug/2022:18:00:42 +0800] "GET /OMS/chatroom?NAME=%E9%BB%84%E5%8C%BB%E7%94%9F HTTP/1.1" 101 -
0:0:0:0:0:0:0:1 - - [10/Aug/2022:18:01:31 +0800] "GET /OMS/login?registrationId=1&doctorId=11 HTTP/1.1" 200 5463
192.168.1.167 - - [10/Aug/2022:18:01:31 +0800] "GET /OMS/chatroom?NAME=%E9%BB%84%E5%8C%BB%E7%94%9F HTTP/1.1" 101 -
0:0:0:0:0:0:0:1 - - [10/Aug/2022:18:01:52 +0800] "GET /OMS/login?registrationId=1&patientId=2 HTTP/1.1" 200 5463
0:0:0:0:0:0:0:1 - - [10/Aug/2022:18:01:52 +0800] "GET /OMS/Chat/js/jquery-1.4.3.js HTTP/1.1" 304 -
192.168.1.167 - - [10/Aug/2022:18:01:52 +0800] "GET /OMS/chatroom?NAME=%E8%9F%B9%E8%80%81%E6%9D%BF HTTP/1.1" 101 -
0:0:0:0:0:0:0:1 - - [10/Aug/2022:18:02:20 +0800] "GET /OMS/login?registrationId=1&patientId=2 HTTP/1.1" 200 5460
192.168.1.167 - - [10/Aug/2022:18:02:20 +0800] "GET /OMS/chatroom?NAME=%E8%9F%B9%E8%80%81%E6%9D%BF HTTP/1.1" 101 -
0:0:0:0:0:0:0:1 - - [10/Aug/2022:18:02:20 +0800] "GET /OMS/login?registrationId=1&doctorId=11 HTTP/1.1" 200 5460
192.168.1.167 - - [10/Aug/2022:18:02:20 +0800] "GET /OMS/chatroom?NAME=%E9%BB%84%E5%8C%BB%E7%94%9F HTTP/1.1" 101 -
0:0:0:0:0:0:0:1 - - [10/Aug/2022:18:03:23 +0800] "GET /OMS/login?registrationId=1&doctorId=11 HTTP/1.1" 200 5474
192.168.1.167 - - [10/Aug/2022:18:03:23 +0800] "GET /OMS/chatroom?NAME=%E9%BB%84%E5%8C%BB%E7%94%9F HTTP/1.1" 101 -
0:0:0:0:0:0:0:1 - - [10/Aug/2022:18:03:24 +0800] "GET /OMS/login?registrationId=1&patientId=2 HTTP/1.1" 200 5474
192.168.1.167 - - [10/Aug/2022:18:03:24 +0800] "GET /OMS/chatroom?NAME=%E8%9F%B9%E8%80%81%E6%9D%BF HTTP/1.1" 101 -
0:0:0:0:0:0:0:1 - - [10/Aug/2022:18:07:58 +0800] "GET /OMS/login?registrationId=1&doctorId=11 HTTP/1.1" 200 5493
192.168.1.167 - - [10/Aug/2022:18:07:58 +0800] "GET /OMS/chatroom?NAME=%E9%BB%84%E5%8C%BB%E7%94%9F HTTP/1.1" 101 -
0:0:0:0:0:0:0:1 - - [10/Aug/2022:18:08:43 +0800] "GET /OMS/login?registrationId=1&doctorId=11 HTTP/1.1" 200 5474
192.168.1.167 - - [10/Aug/2022:18:08:43 +0800] "GET /OMS/chatroom?NAME=%E9%BB%84%E5%8C%BB%E7%94%9F HTTP/1.1" 101 -
0:0:0:0:0:0:0:1 - - [10/Aug/2022:18:09:46 +0800] "GET /OMS/login?registrationId=1&doctorId=11 HTTP/1.1" 200 5499
192.168.1.167 - - [10/Aug/2022:18:09:46 +0800] "GET /OMS/chatroom?NAME=%E9%BB%84%E5%8C%BB%E7%94%9F HTTP/1.1" 101 -
0:0:0:0:0:0:0:1 - - [10/Aug/2022:18:15:22 +0800] "GET /OMS/login?registrationId=1&doctorId=11 HTTP/1.1" 200 5491
192.168.1.167 - - [10/Aug/2022:18:15:22 +0800] "GET /OMS/chatroom?NAME=%E9%BB%84%E5%8C%BB%E7%94%9F HTTP/1.1" 101 -
0:0:0:0:0:0:0:1 - - [10/Aug/2022:18:20:27 +0800] "GET /OMS/login?registrationId=1&patientId=2 HTTP/1.1" 200 5546
192.168.1.167 - - [10/Aug/2022:18:20:27 +0800] "GET /OMS/chatroom?NAME=%E7%97%9E%E8%80%81%E6%9D%BF HTTP/1.1" 101 -
0:0:0:0:0:0:0:1 - - [10/Aug/2022:18:25:40 +0800] "GET /OMS/login?registrationId=1&patientId=2 HTTP/1.1" 200 5493
192.168.1.167 - - [10/Aug/2022:18:25:40 +0800] "GET /OMS/chatroom?NAME=%E7%97%9E%E8%80%81%E6%9D%BF HTTP/1.1" 101 -
0:0:0:0:0:0:0:1 - - [10/Aug/2022:18:28:25 +0800] "GET /OMS/login?registrationId=1&patientId=2 HTTP/1.1" 200 5501
192.168.1.167 - - [10/Aug/2022:18:28:25 +0800] "GET /OMS/chatroom?NAME=%E7%97%9E%E8%80%81%E6%9D%BF HTTP/1.1" 101 -
0:0:0:0:0:0:0:1 - - [10/Aug/2022:18:31:52 +0800] "GET /OMS/login?registrationId=1&patientId=2 HTTP/1.1" 200 5584
192.168.1.167 - - [10/Aug/2022:18:31:52 +0800] "GET /OMS/chatroom?NAME=%E7%97%9E%E8%80%81%E6%9D%BF HTTP/1.1" 101 -
0:0:0:0:0:0:0:1 - - [10/Aug/2022:18:33:54 +0800] "GET /OMS/login?registrationId=1&patientId=2 HTTP/1.1" 200 5589
192.168.1.167 - - [10/Aug/2022:18:33:54 +0800] "GET /OMS/chatroom?NAME=%E7%97%9E%E8%80%81%E6%9D%BF HTTP/1.1" 101 -
0:0:0:0:0:0:0:1 - - [10/Aug/2022:18:34:02 +0800] "GET /OMS/login?registrationId=1&doctorId=11 HTTP/1.1" 200 5589
192.168.1.167 - - [10/Aug/2022:18:34:02 +0800] "GET /OMS/chatroom?NAME=%E9%BB%84%E5%8C%BB%E7%94%9F HTTP/1.1" 101 -
127.0.0.1 - - [10/Aug/2022:19:02:00 +0800] "GET / HTTP/1.1" 404 700
0:0:0:0:0:0:0:1 - - [10/Aug/2022:19:02:01 +0800] "GET /OMS/ HTTP/1.1" 404 708
192.168.1.167 - - [10/Aug/2022:19:02:33 +0800] "GET /OMS/Manage/index.jsp HTTP/1.1" 200 15624
192.168.1.167 - - [10/Aug/2022:19:02:33 +0800] "GET /OMS/Manage/static/js/index.js HTTP/1.1" 200 10774
192.168.1.167 - - [10/Aug/2022:19:02:33 +0800] "GET /OMS/Manage/static/js/owl.carousel.js HTTP/1.1" 200 85322
192.168.1.167 - - [10/Aug/2022:19:02:33 +0800] "GET /OMS/Manage/static/js/apexcharts.bundle.js HTTP/1.1" 200 472127
192.168.1.167 - - [10/Aug/2022:19:02:33 +0800] "GET /OMS/Manage/static/js/jquery-ui.min.js HTTP/1.1" 200 253681
192.168.1.167 - - [10/Aug/2022:19:02:33 +0800] "GET /OMS/Manage/static/picture/profile_av.png HTTP/1.1" 200 57943
192.168.1.167 - - [10/Aug/2022:19:02:33 +0800] "GET /OMS/Manage/static/font/mem5YaGs126MiZpBA-UN7rgOUuhp.woff2 HTTP/1.1" 200 15112
192.168.1.167 - - [10/Aug/2022:19:02:33 +0800] "GET /OMS/Manage/static/font/mem8YaGs126MiZpBA-UFVZ0b.woff2 HTTP/1.1" 200 14440
192.168.1.167 - - [10/Aug/2022:19:02:36 +0800] "GET /favicon.ico HTTP/1.1" 404 711
192.168.1.167 - - [10/Aug/2022:19:02:37 +0800] "GET /OMS/Manage/index.jsp HTTP/1.1" 200 15624
0:0:0:0:0:0:0:1 - - [10/Aug/2022:19:02:52 +0800] "GET /OMS/Manage/index.jsp HTTP/1.1" 200 15624
0:0:0:0:0:0:0:1 - - [10/Aug/2022:19:02:52 +0800] "GET /OMS/Manage/static/js/dataTables.bundle.js HTTP/1.1" 304 -
0:0:0:0:0:0:0:1 - - [10/Aug/2022:19:02:53 +0800] "GET /favicon.ico HTTP/1.1" 404 711
192.168.1.167 - - [10/Aug/2022:19:03:22 +0800] "GET /OMS/Manage/Menu.jsp HTTP/1.1" 200 16671
192.168.1.167 - - [10/Aug/2022:19:03:22 +0800] "GET /OMS/Manage/static/js/summernote-bs4.min.js HTTP/1.1" 404 758
192.168.1.167 - - [10/Aug/2022:19:03:22 +0800] "GET /OMS/Manage/static/js/summernote.init.js HTTP/1.1" 404 755
192.168.1.167 - - [10/Aug/2022:19:03:22 +0800] "GET /OMS/Manage/static/css/css.css HTTP/1.1" 404 745
192.168.1.167 - - [10/Aug/2022:19:03:22 +0800] "GET /OMS/Manage/static/css/bootstrap.min.css.map HTTP/1.1" 404 759
192.168.1.167 - - [10/Aug/2022:19:03:22 +0800] "GET /OMS/Manage/static/css/app.min.css.map HTTP/1.1" 404 753
192.168.1.167 - - [10/Aug/2022:19:03:22 +0800] "GET /OMS/Manage/static/css/icons.min.css.map HTTP/1.1" 404 755
192.168.1.167 - - [10/Aug/2022:19:03:22 +0800] "GET /OMS/Manage/static/js/bootstrap.bundle.min.js.map HTTP/1.1" 404 764
192.168.1.167 - - [10/Aug/2022:19:03:22 +0800] "GET /OMS/Manage/static/js/waves.min.js.map HTTP/1.1" 404 753
192.168.1.167 - - [10/Aug/2022:19:03:22 +0800] "GET /OMS/Manage/static/js/bundle.js.map HTTP/1.1" 404 750
192.168.1.167 - - [10/Aug/2022:19:03:22 +0800] "GET /OMS/Manage/static/js/metisMenu.min.js.map HTTP/1.1" 404 757
192.168.1.167 - - [10/Aug/2022:19:03:29 +0800] "GET /OMS/Manage/Drug.jsp%3E HTTP/1.1" 404 730
0:0:0:0:0:0:0:1 - - [10/Aug/2022:19:03:50 +0800] "GET /OMS/Manage/index.jsp HTTP/1.1" 200 15623
192.168.1.167 - - [10/Aug/2022:19:04:05 +0800] "GET /OMS/Manage/index.jsp HTTP/1.1" 200 15623
192.168.1.167 - - [10/Aug/2022:19:04:21 +0800] "GET /OMS/Manage/Drug.jsp HTTP/1.1" 200 2788
192.168.1.167 - - [10/Aug/2022:19:04:26 +0800] "GET /OMS/Manage/DrugInfo.jsp HTTP/1.1" 200 38199
192.168.1.167 - - [10/Aug/2022:19:04:26 +0800] "GET /OMS/Manage/static/js/summernote.init.js HTTP/1.1" 404 755
192.168.1.167 - - [10/Aug/2022:19:04:26 +0800] "GET /OMS/Manage/static/js/summernote-bs4.min.js HTTP/1.1" 404 758
192.168.1.167 - - [10/Aug/2022:19:04:26 +0800] "GET /OMS/Manage/static/css/css.css HTTP/1.1" 404 745
192.168.1.167 - - [10/Aug/2022:19:04:36 +0800] "GET /OMS/Manage/static/css/bootstrap.min.css.map HTTP/1.1" 404 759
192.168.1.167 - - [10/Aug/2022:19:04:40 +0800] "GET /OMS/Manage/static/css/css.css HTTP/1.1" 404 745
192.168.1.167 - - [10/Aug/2022:19:04:40 +0800] "GET /OMS/Manage/static/css/icons.min.css.map HTTP/1.1" 404 755
192.168.1.167 - - [10/Aug/2022:19:04:40 +0800] "GET /OMS/Manage/static/css/app.min.css.map HTTP/1.1" 404 753
192.168.1.167 - - [10/Aug/2022:19:04:40 +0800] "GET /OMS/Manage/static/css/bootstrap.min.css.map HTTP/1.1" 404 759
192.168.1.167 - - [10/Aug/2022:19:04:45 +0800] "GET /OMS/Manage/Inventory.jsp HTTP/1.1" 200 40800
192.168.1.167 - - [10/Aug/2022:19:04:45 +0800] "GET /OMS/Manage/static/js/summernote-bs4.min.js HTTP/1.1" 404 758
192.168.1.167 - - [10/Aug/2022:19:04:45 +0800] "GET /OMS/Manage/static/js/summernote.init.js HTTP/1.1" 404 755
192.168.1.167 - - [10/Aug/2022:19:04:45 +0800] "GET /OMS/Manage/static/js/bootstrap.bundle.min.js.map HTTP/1.1" 404 764
192.168.1.167 - - [10/Aug/2022:19:04:45 +0800] "GET /OMS/Manage/static/js/metisMenu.min.js.map HTTP/1.1" 404 757
192.168.1.167 - - [10/Aug/2022:19:04:45 +0800] "GET /OMS/Manage/static/js/waves.min.js.map HTTP/1.1" 404 753
192.168.1.167 - - [10/Aug/2022:19:04:45 +0800] "GET /OMS/Manage/static/js/bundle.js.map HTTP/1.1" 404 750
192.168.1.167 - - [10/Aug/2022:19:05:00 +0800] "GET /OMS/Manage/Measure.jsp HTTP/1.1" 200 17090
192.168.1.167 - - [10/Aug/2022:19:05:00 +0800] "GET /OMS/Manage/static/js/summernote.init.js HTTP/1.1" 404 755
192.168.1.167 - - [10/Aug/2022:19:05:00 +0800] "GET /OMS/Manage/static/js/summernote-bs4.min.js HTTP/1.1" 404 758
192.168.1.167 - - [10/Aug/2022:19:05:00 +0800] "GET /OMS/Manage/static/css/css.css HTTP/1.1" 404 745
192.168.1.167 - - [10/Aug/2022:19:05:08 +0800] "GET /OMS/instore HTTP/1.1" 302 -
192.168.1.167 - - [10/Aug/2022:19:05:14 +0800] "GET /OMS/Manage/static/css/bootstrap.min.css.map HTTP/1.1" 404 759
0:0:0:0:0:0:0:1 - - [10/Aug/2022:19:05:33 +0800] "GET /OMS/Manage/index.jsp HTTP/1.1" 200 15623
192.168.1.167 - - [10/Aug/2022:19:05:37 +0800] "GET /OMS/instore HTTP/1.1" 302 -
0:0:0:0:0:0:0:1 - - [10/Aug/2022:19:05:38 +0800] "GET /favicon.ico HTTP/1.1" 404 711
192.168.1.167 - - [10/Aug/2022:19:05:43 +0800] "GET /OMS/Manage/index.jsp HTTP/1.1" 200 15623
192.168.1.167 - - [10/Aug/2022:19:05:43 +0800] "GET /OMS/Manage/static/css/responsive.dataTables.min.css HTTP/1.1" 200 3929
192.168.1.167 - - [10/Aug/2022:19:05:43 +0800] "GET /OMS/Manage/static/css/dataTables.bootstrap5.min.css HTTP/1.1" 200 5381
192.168.1.167 - - [10/Aug/2022:19:05:43 +0800] "GET /OMS/Manage/static/js/libscripts.bundle.js HTTP/1.1" 200 183979
192.168.1.167 - - [10/Aug/2022:19:05:43 +0800] "GET /OMS/Manage/static/js/jquery-ui.min.js HTTP/1.1" 200 253681
192.168.1.167 - - [10/Aug/2022:19:05:43 +0800] "GET /OMS/Manage/static/js/apexcharts.bundle.js HTTP/1.1" 200 472127
192.168.1.167 - - [10/Aug/2022:19:05:43 +0800] "GET /OMS/Manage/static/css/ihealth.style.min.css HTTP/1.1" 200 338001
192.168.1.167 - - [10/Aug/2022:19:05:43 +0800] "GET /OMS/Manage/static/js/dataTables.bundle.js HTTP/1.1" 200 101743
192.168.1.167 - - [10/Aug/2022:19:05:43 +0800] "GET /OMS/Manage/static/js/owl.carousel.js HTTP/1.1" 200 85322
192.168.1.167 - - [10/Aug/2022:19:05:43 +0800] "GET /OMS/Manage/static/js/template.js HTTP/1.1" 200 6697
192.168.1.167 - - [10/Aug/2022:19:05:43 +0800] "GET /OMS/Manage/static/js/index.js HTTP/1.1" 200 10774
192.168.1.167 - - [10/Aug/2022:19:05:43 +0800] "GET /OMS/Manage/static/picture/profile_av.png HTTP/1.1" 200 57943
192.168.1.167 - - [10/Aug/2022:19:05:43 +0800] "GET /OMS/Manage/static/css/css2.css HTTP/1.1" 200 9972
192.168.1.167 - - [10/Aug/2022:19:05:43 +0800] "GET /OMS/Manage/static/css/css21.css HTTP/1.1" 200 2943
192.168.1.167 - - [10/Aug/2022:19:05:43 +0800] "GET /OMS/Manage/static/css/css22.css HTTP/1.1" 200 4657
192.168.1.167 - - [10/Aug/2022:19:05:43 +0800] "GET /OMS/Manage/static/css/css23.css HTTP/1.1" 200 2904
192.168.1.167 - - [10/Aug/2022:19:05:43 +0800] "GET /OMS/Manage/static/css/bootstrap-icons.css HTTP/1.1" 200 60793
192.168.1.167 - - [10/Aug/2022:19:05:43 +0800] "GET /OMS/Manage/static/css/font-awesome.min.css HTTP/1.1" 200 31330
192.168.1.167 - - [10/Aug/2022:19:05:44 +0800] "GET /OMS/Manage/static/font/mem8YaGs126MiZpBA-UFVZ0b.woff2 HTTP/1.1" 200 14440
192.168.1.167 - - [10/Aug/2022:19:05:44 +0800] "GET /OMS/Manage/static/font/mem5YaGs126MiZpBA-UN7rgOUuhp.woff2 HTTP/1.1" 200 15112
192.168.1.167 - - [10/Aug/2022:19:05:44 +0800] "GET /OMS/Manage/static/font/icofont.woff HTTP/1.1" 200 645604
192.168.1.167 - - [10/Aug/2022:19:05:45 +0800] "GET /favicon.ico HTTP/1.1" 404 711
192.168.1.167 - - [10/Aug/2022:19:05:52 +0800] "GET /OMS/Manage/InStore.jsp HTTP/1.1" 200 12219
192.168.1.167 - - [10/Aug/2022:19:05:57 +0800] "GET /OMS/Manage/Drug.jsp HTTP/1.1" 200 2788
192.168.1.167 - - [10/Aug/2022:19:05:57 +0800] "GET /OMS/Manage/static/js/jquery.min.js HTTP/1.1" 200 88145
192.168.1.167 - - [10/Aug/2022:19:05:57 +0800] "GET /OMS/Manage/static/css/bootstrap.min.css HTTP/1.1" 200 180241
192.168.1.167 - - [10/Aug/2022:19:05:59 +0800] "GET /OMS/Manage/InStore.jsp HTTP/1.1" 200 12219
192.168.1.167 - - [10/Aug/2022:19:05:59 +0800] "GET /OMS/Manage/static/css/css.css HTTP/1.1" 404 745
192.168.1.167 - - [10/Aug/2022:19:05:59 +0800] "GET /OMS/Manage/static/js/summernote-bs4.min.js HTTP/1.1" 404 758
192.168.1.167 - - [10/Aug/2022:19:05:59 +0800] "GET /OMS/Manage/static/js/summernote.init.js HTTP/1.1" 404 755
192.168.1.167 - - [10/Aug/2022:19:06:10 +0800] "GET /OMS/Manage/Drug.jsp HTTP/1.1" 200 2788
192.168.1.167 - - [10/Aug/2022:19:06:35 +0800] "GET /OMS/Manage/InDetail.jsp HTTP/1.1" 200 12031
192.168.1.167 - - [10/Aug/2022:19:06:35 +0800] "GET /OMS/Manage/static/css/summernote-bs4.css HTTP/1.1" 200 3063
192.168.1.167 - - [10/Aug/2022:19:06:36 +0800] "GET /OMS/Manage/static/css/icons.min.css HTTP/1.1" 200 293312
192.168.1.167 - - [10/Aug/2022:19:06:36 +0800] "GET /OMS/Manage/static/css/app.min.css HTTP/1.1" 200 56487
192.168.1.167 - - [10/Aug/2022:19:06:36 +0800] "GET /OMS/Manage/static/js/bootstrap.bundle.min.js HTTP/1.1" 200 80698
192.168.1.167 - - [10/Aug/2022:19:06:36 +0800] "GET /OMS/Manage/static/js/metisMenu.min.js HTTP/1.1" 200 4770
192.168.1.167 - - [10/Aug/2022:19:06:36 +0800] "GET /OMS/Manage/OutDetail.jsp HTTP/1.1" 200 9294
192.168.1.167 - - [10/Aug/2022:19:06:36 +0800] "GET /OMS/Manage/static/css/css.css HTTP/1.1" 404 745
192.168.1.167 - - [10/Aug/2022:19:06:36 +0800] "GET /OMS/Manage/static/js/simplebar.min.js HTTP/1.1" 200 58015
192.168.1.167 - - [10/Aug/2022:19:06:36 +0800] "GET /OMS/Manage/static/js/waves.min.js HTTP/1.1" 200 6329
192.168.1.167 - - [10/Aug/2022:19:06:36 +0800] "GET /OMS/Manage/static/js/summernote-bs4.min.js HTTP/1.1" 404 758
192.168.1.167 - - [10/Aug/2022:19:06:36 +0800] "GET /OMS/Manage/static/js/bundle.js HTTP/1.1" 200 9125
192.168.1.167 - - [10/Aug/2022:19:06:36 +0800] "GET /OMS/Manage/static/js/summernote.init.js HTTP/1.1" 404 755
192.168.1.167 - - [10/Aug/2022:19:06:36 +0800] "GET /OMS/Manage/static/js/app.js HTTP/1.1" 200 1848
192.168.1.167 - - [10/Aug/2022:19:06:45 +0800] "GET /OMS/Manage/OutDetail.jsp HTTP/1.1" 200 9294
192.168.1.167 - - [10/Aug/2022:19:06:45 +0800] "GET /OMS/Manage/static/css/css.css HTTP/1.1" 404 745
192.168.1.167 - - [10/Aug/2022:19:06:45 +0800] "GET /OMS/Manage/static/js/summernote-bs4.min.js HTTP/1.1" 404 758
192.168.1.167 - - [10/Aug/2022:19:06:45 +0800] "GET /OMS/Manage/static/js/summernote.init.js HTTP/1.1" 404 755
192.168.1.167 - - [10/Aug/2022:19:06:53 +0800] "GET /OMS/Manage/OutDetail.jsp HTTP/1.1" 200 9294
192.168.1.167 - - [10/Aug/2022:19:06:55 +0800] "GET /OMS/Manage/InDetail.jsp HTTP/1.1" 200 12031
192.168.1.167 - - [10/Aug/2022:19:06:56 +0800] "GET /OMS/Manage/Drug.jsp HTTP/1.1" 200 2788
192.168.1.167 - - [10/Aug/2022:19:07:09 +0800] "GET /OMS/Manage/OutDetail.jsp HTTP/1.1" 200 9294
0:0:0:0:0:0:0:1 - - [10/Aug/2022:19:07:41 +0800] "GET /OMS/Chat/websocketChatroom.jsp HTTP/1.1" 500 2199
0:0:0:0:0:0:0:1 - - [10/Aug/2022:19:09:01 +0800] "GET /OMS/login?registrationId=1&patientId=2 HTTP/1.1" 500 2395
0:0:0:0:0:0:0:1 - - [10/Aug/2022:19:09:35 +0800] "GET /OMS/login?registrationId=1&patientId=2 HTTP/1.1" 500 2736
0:0:0:0:0:0:0:1 - - [10/Aug/2022:19:09:36 +0800] "GET /OMS/login?registrationId=1&patientId=2 HTTP/1.1" 500 3606
0:0:0:0:0:0:0:1 - - [10/Aug/2022:19:09:37 +0800] "GET /OMS/login?registrationId=1&patientId=2 HTTP/1.1" 500 3606
0:0:0:0:0:0:0:1 - - [10/Aug/2022:19:18:32 +0800] "GET /OMS/ HTTP/1.1" 404 708
0:0:0:0:0:0:0:1 - - [10/Aug/2022:19:18:50 +0800] "GET /OMS/ HTTP/1.1" 404 708
127.0.0.1 - - [10/Aug/2022:19:19:37 +0800] "GET / HTTP/1.1" 404 700
0:0:0:0:0:0:0:1 - - [10/Aug/2022:19:19:38 +0800] "GET /OMS/ HTTP/1.1" 404 708
127.0.0.1 - - [10/Aug/2022:19:23:22 +0800] "GET / HTTP/1.1" 404 700
0:0:0:0:0:0:0:1 - - [10/Aug/2022:19:23:23 +0800] "GET /OMS/ HTTP/1.1" 404 708
127.0.0.1 - - [10/Aug/2022:19:24:37 +0800] "GET / HTTP/1.1" 404 700
0:0:0:0:0:0:0:1 - - [10/Aug/2022:19:24:38 +0800] "GET /OMS/ HTTP/1.1" 404 708
127.0.0.1 - - [10/Aug/2022:19:31:00 +0800] "GET / HTTP/1.1" 404 700
0:0:0:0:0:0:0:1 - - [10/Aug/2022:19:31:02 +0800] "GET /OMS/Chat/websocketChatroom.jsp HTTP/1.1" 500 2257
0:0:0:0:0:0:0:1 - - [10/Aug/2022:19:31:50 +0800] "GET /OMS/Chat/websocketChatroom.jsp HTTP/1.1" 200 5740
0:0:0:0:0:0:0:1 - - [10/Aug/2022:19:31:50 +0800] "GET /OMS/Chat/Chat/js/jquery-1.4.3.js HTTP/1.1" 404 748
0:0:0:0:0:0:0:1 - - [10/Aug/2022:19:32:43 +0800] "GET /OMS/login?registrationId=1&doctorId=11 HTTP/1.1" 500 2854
0:0:0:0:0:0:0:1 - - [10/Aug/2022:19:32:43 +0800] "GET /favicon.ico HTTP/1.1" 404 711
0:0:0:0:0:0:0:1 - - [10/Aug/2022:19:38:20 +0800] "GET /OMS/Chat/websocketChatroom.jsp HTTP/1.1" 200 5742
0:0:0:0:0:0:0:1 - - [10/Aug/2022:19:38:20 +0800] "GET /OMS/Chat/Chat/js/jquery-1.4.3.js HTTP/1.1" 404 748
0:0:0:0:0:0:0:1 - - [10/Aug/2022:19:38:25 +0800] "GET /OMS/login?registrationId=1&doctorId=11 HTTP/1.1" 500 2858
0:0:0:0:0:0:0:1 - - [10/Aug/2022:19:38:29 +0800] "GET /OMS/login?registrationId=1&doctorId=11 HTTP/1.1" 500 2858
192.168.1.167 - - [10/Aug/2022:19:38:40 +0800] "GET /OMS/login?registrationId=1&doctorId=11 HTTP/1.1" 500 2858
192.168.1.167 - - [10/Aug/2022:19:38:40 +0800] "GET /favicon.ico HTTP/1.1" 404 711
192.168.1.167 - - [10/Aug/2022:19:40:28 +0800] "GET /OMS/login?registrationId=1&doctorId=11 HTTP/1.1" 500 2858
127.0.0.1 - - [10/Aug/2022:19:44:58 +0800] "GET / HTTP/1.1" 404 700
0:0:0:0:0:0:0:1 - - [10/Aug/2022:19:45:00 +0800] "GET /OMS/Chat/websocketChatroom.jsp HTTP/1.1" 200 5742
0:0:0:0:0:0:0:1 - - [10/Aug/2022:19:45:00 +0800] "GET /OMS/Chat/Chat/js/jquery-1.4.3.js HTTP/1.1" 404 748
192.168.1.167 - - [10/Aug/2022:19:45:09 +0800] "GET /OMS/login?registrationId=1&doctorId=11 HTTP/1.1" 200 5762
192.168.1.167 - - [10/Aug/2022:19:45:09 +0800] "GET /OMS/Chat/js/jquery-1.4.3.js HTTP/1.1" 200 180459
192.168.1.167 - - [10/Aug/2022:19:45:09 +0800] "GET /OMS/chatroom?NAME=%E9%BB%84%E5%8C%BB%E7%94%9F HTTP/1.1" 101 -
192.168.1.167 - - [10/Aug/2022:19:46:03 +0800] "GET /OMS/login?registrationId=1&patientId=2 HTTP/1.1" 200 5760
192.168.1.167 - - [10/Aug/2022:19:46:03 +0800] "GET /OMS/chatroom?NAME=%E7%97%9E%E8%80%81%E6%9D%BF HTTP/1.1" 101 -
192.168.1.167 - - [10/Aug/2022:19:47:06 +0800] "GET /OMS/login?registrationId=1&patientId=2 HTTP/1.1" 200 5760
192.168.1.167 - - [10/Aug/2022:19:47:06 +0800] "GET /OMS/login?registrationId=1&doctorId=11 HTTP/1.1" 200 5760
192.168.1.167 - - [10/Aug/2022:19:47:06 +0800] "GET /OMS/chatroom?NAME=%E7%97%9E%E8%80%81%E6%9D%BF HTTP/1.1" 101 -
192.168.1.167 - - [10/Aug/2022:19:47:06 +0800] "GET /OMS/chatroom?NAME=%E7%97%9E%E8%80%81%E6%9D%BF HTTP/1.1" 101 -
192.168.1.167 - - [10/Aug/2022:19:48:02 +0800] "GET /OMS/login?registrationId=1&patientId=2 HTTP/1.1" 200 5760
192.168.1.167 - - [10/Aug/2022:19:48:02 +0800] "GET /OMS/chatroom?NAME=%E7%97%9E%E8%80%81%E6%9D%BF HTTP/1.1" 101 -
192.168.1.167 - - [10/Aug/2022:19:48:23 +0800] "GET /OMS/login?registrationId=1&doctorId=11 HTTP/1.1" 200 5762
192.168.1.167 - - [10/Aug/2022:19:48:23 +0800] "GET /OMS/chatroom?NAME=%E9%BB%84%E5%8C%BB%E7%94%9F HTTP/1.1" 101 -
192.168.1.169 - - [10/Aug/2022:19:51:26 +0800] "GET /OMS/chatroom?NAME=%E9%BB%84%E5%8C%BB%E7%94%9F HTTP/1.1" 101 -
192.168.1.169 - - [10/Aug/2022:19:53:19 +0800] "GET /OMS/login?registrationId=1&doctorId=11 HTTP/1.1" 200 5762
192.168.1.169 - - [10/Aug/2022:19:53:19 +0800] "GET /OMS/Chat/js/jquery-1.4.3.js HTTP/1.1" 200 180459
192.168.1.169 - - [10/Aug/2022:19:53:19 +0800] "GET /OMS/chatroom?NAME=%E9%BB%84%E5%8C%BB%E7%94%9F HTTP/1.1" 101 -
192.168.1.169 - - [10/Aug/2022:19:53:19 +0800] "GET /favicon.ico HTTP/1.1" 404 711
192.168.1.167 - - [10/Aug/2022:19:53:24 +0800] "GET /OMS/login?registrationId=1&patientId=2 HTTP/1.1" 200 5760
192.168.1.167 - - [10/Aug/2022:19:53:24 +0800] "GET /OMS/chatroom?NAME=%E7%97%9E%E8%80%81%E6%9D%BF HTTP/1.1" 101 -
192.168.1.169 - - [10/Aug/2022:19:58:10 +0800] "GET /OMS/chatroom?NAME=%E9%BB%84%E5%8C%BB%E7%94%9F HTTP/1.1" 101 -
192.168.1.167 - - [10/Aug/2022:19:59:10 +0800] "GET /OMS/login?registrationId=1&patientId=2 HTTP/1.1" 200 5785
192.168.1.167 - - [10/Aug/2022:19:59:10 +0800] "GET /OMS/chatroom?NAME=%E7%97%9E%E8%80%81%E6%9D%BF HTTP/1.1" 101 -
192.168.1.167 - - [10/Aug/2022:20:01:04 +0800] "GET /OMS/disconnect?id=2&sid=2 HTTP/1.1" 500 1178
192.168.1.167 - - [10/Aug/2022:20:01:56 +0800] "GET /OMS/disconnect?id=2&sid=2 HTTP/1.1" 500 1178
192.168.1.167 - - [10/Aug/2022:20:02:18 +0800] "GET /OMS/disconnect?id=2&sid=2 HTTP/1.1" 500 1178
127.0.0.1 - - [10/Aug/2022:20:02:36 +0800] "GET / HTTP/1.1" 404 700
0:0:0:0:0:0:0:1 - - [10/Aug/2022:20:02:37 +0800] "GET /OMS/ HTTP/1.1" 404 708
192.168.1.167 - - [10/Aug/2022:20:02:41 +0800] "GET /OMS/disconnect?id=2&sid=2 HTTP/1.1" 500 1178
192.168.1.167 - - [10/Aug/2022:20:02:41 +0800] "GET /favicon.ico HTTP/1.1" 404 711
192.168.1.167 - - [10/Aug/2022:20:02:56 +0800] "GET /OMS/disconnect?id=2&sid=2 HTTP/1.1" 500 1178
0:0:0:0:0:0:0:1 - - [10/Aug/2022:20:04:43 +0800] "GET /OMS/login?registrationId=1&patientId=2 HTTP/1.1" 200 5781
0:0:0:0:0:0:0:1 - - [10/Aug/2022:20:04:43 +0800] "GET /OMS/Chat/js/jquery-1.4.3.js HTTP/1.1" 304 -
192.168.1.167 - - [10/Aug/2022:20:04:43 +0800] "GET /OMS/chatroom?NAME=%E7%97%9E%E8%80%81%E6%9D%BF HTTP/1.1" 101 -
192.168.1.167 - - [10/Aug/2022:20:06:08 +0800] "GET /OMS/disconnect?id=2&sid=1 HTTP/1.1" 200 7730
192.168.1.167 - - [10/Aug/2022:20:06:09 +0800] "GET /OMS/css/bootstrap.min.css HTTP/1.1" 404 733
192.168.1.167 - - [10/Aug/2022:20:06:09 +0800] "GET /OMS/css/nice-select.css HTTP/1.1" 404 731
192.168.1.167 - - [10/Aug/2022:20:06:09 +0800] "GET /OMS/css/improve.css HTTP/1.1" 404 727
192.168.1.167 - - [10/Aug/2022:20:06:09 +0800] "GET /OMS/css/icofont.css HTTP/1.1" 404 727
192.168.1.167 - - [10/Aug/2022:20:06:09 +0800] "GET /OMS/css/slicknav.min.css HTTP/1.1" 404 732
192.168.1.167 - - [10/Aug/2022:20:06:09 +0800] "GET /OMS/css/font-awesome.min.css HTTP/1.1" 404 736
192.168.1.167 - - [10/Aug/2022:20:06:09 +0800] "GET /OMS/css/owl-carousel.css HTTP/1.1" 404 732
192.168.1.167 - - [10/Aug/2022:20:06:09 +0800] "GET /OMS/css/datepicker.css HTTP/1.1" 404 730
